// Jest Snapshot v1, https://goo.gl/fbAQLP

exports[`[Snapshot] TextField should render 1`] = `
<div
  className="MuiFormControl-root-1"
  style={
    Object {
      "width": "100%",
    }
  }
>
  <label
    className="MuiFormLabel-root-16 MuiInputLabel-root-5 MuiInputLabel-formControl-10 MuiInputLabel-animated-13"
    data-shrink={false}
  >
    Name
  </label>
  <div
    className="MuiInputBase-root-36 MuiInput-root-23 MuiInput-underline-27 MuiInputBase-formControl-37 MuiInput-formControl-24"
    onClick={[Function]}
  >
    <input
      aria-invalid={false}
      className="MuiInputBase-input-46 MuiInput-input-31"
      disabled={false}
      name=""
      onBlur={[Function]}
      onChange={[Function]}
      onFocus={[Function]}
      required={false}
      type="text"
      value=""
    />
  </div>
</div>
`;
