// Jest Snapshot v1, https://goo.gl/fbAQLP

exports[`[Snapshot] ButtonGroup should render 1`] = `<styled.div />`;
