// Jest Snapshot v1, https://goo.gl/fbAQLP

exports[`[Snapshot] FormGroup should render 1`] = `<styled.div />`;
